{
"name" : "r3x-testData",
"funcType" : "js",
"response" : "json"
}